---
source: crates/swc-ecma-testing2/src/lib.rs
expression: result
---
``````js
export const head = [
    jsxs("style", {
        "children": [
            ".jsx-styled-967c6f4{",
            "background-color: #2e3440ff",
            "}",
            ".jsx-styled-4add3da{",
            "color: #81A1C1",
            "}",
            ".jsx-styled-de3d865{",
            "color: #88C0D0",
            "}",
            ".jsx-styled-fbc8756{",
            "color: #A3BE8C",
            "}",
            ".jsx-styled-07fdeba{",
            "color: #D8DEE9",
            "}",
            ".jsx-styled-c7d2f69{",
            "color: #D8DEE9FF",
            "}",
            ".jsx-styled-10105b3{",
            "color: #ECEFF4",
            "}"
        ]
    })
], body = [
    jsx("pre", {
        "tabIndex": "0",
        "className": "shiki nord jsx-styled-967c6f4",
        "children": jsxs("code", {
            "children": [
                jsxs("span", {
                    "className": "line",
                    "children": [
                        jsx("span", {
                            "className": "jsx-styled-4add3da",
                            "children": "const"
                        }),
                        jsx("span", {
                            "className": "jsx-styled-c7d2f69",
                            "children": " "
                        }),
                        jsx("span", {
                            "className": "jsx-styled-07fdeba",
                            "children": "fs"
                        }),
                        jsx("span", {
                            "className": "jsx-styled-c7d2f69",
                            "children": " "
                        }),
                        jsx("span", {
                            "className": "jsx-styled-4add3da",
                            "children": "="
                        }),
                        jsx("span", {
                            "className": "jsx-styled-c7d2f69",
                            "children": " "
                        }),
                        jsx("span", {
                            "className": "jsx-styled-de3d865",
                            "children": "require"
                        }),
                        jsx("span", {
                            "className": "jsx-styled-c7d2f69",
                            "children": "("
                        }),
                        jsx("span", {
                            "className": "jsx-styled-10105b3",
                            "children": "'"
                        }),
                        jsx("span", {
                            "className": "jsx-styled-fbc8756",
                            "children": "fs"
                        }),
                        jsx("span", {
                            "className": "jsx-styled-10105b3",
                            "children": "'"
                        }),
                        jsx("span", {
                            "className": "jsx-styled-c7d2f69",
                            "children": ")"
                        })
                    ]
                }),
                "\n",
                jsxs("span", {
                    "className": "line",
                    "children": [
                        jsx("span", {
                            "className": "jsx-styled-4add3da",
                            "children": "const"
                        }),
                        jsx("span", {
                            "className": "jsx-styled-c7d2f69",
                            "children": " "
                        }),
                        jsx("span", {
                            "className": "jsx-styled-07fdeba",
                            "children": "markdown"
                        }),
                        jsx("span", {
                            "className": "jsx-styled-c7d2f69",
                            "children": " "
                        }),
                        jsx("span", {
                            "className": "jsx-styled-4add3da",
                            "children": "="
                        }),
                        jsx("span", {
                            "className": "jsx-styled-c7d2f69",
                            "children": " "
                        }),
                        jsx("span", {
                            "className": "jsx-styled-de3d865",
                            "children": "require"
                        }),
                        jsx("span", {
                            "className": "jsx-styled-c7d2f69",
                            "children": "("
                        }),
                        jsx("span", {
                            "className": "jsx-styled-10105b3",
                            "children": "'"
                        }),
                        jsx("span", {
                            "className": "jsx-styled-fbc8756",
                            "children": "markdown-it"
                        }),
                        jsx("span", {
                            "className": "jsx-styled-10105b3",
                            "children": "'"
                        }),
                        jsx("span", {
                            "className": "jsx-styled-c7d2f69",
                            "children": ")"
                        })
                    ]
                }),
                "\n",
                jsxs("span", {
                    "className": "line",
                    "children": [
                        jsx("span", {
                            "className": "jsx-styled-4add3da",
                            "children": "const"
                        }),
                        jsx("span", {
                            "className": "jsx-styled-c7d2f69",
                            "children": " "
                        }),
                        jsx("span", {
                            "className": "jsx-styled-07fdeba",
                            "children": "shiki"
                        }),
                        jsx("span", {
                            "className": "jsx-styled-c7d2f69",
                            "children": " "
                        }),
                        jsx("span", {
                            "className": "jsx-styled-4add3da",
                            "children": "="
                        }),
                        jsx("span", {
                            "className": "jsx-styled-c7d2f69",
                            "children": " "
                        }),
                        jsx("span", {
                            "className": "jsx-styled-de3d865",
                            "children": "require"
                        }),
                        jsx("span", {
                            "className": "jsx-styled-c7d2f69",
                            "children": "("
                        }),
                        jsx("span", {
                            "className": "jsx-styled-10105b3",
                            "children": "'"
                        }),
                        jsx("span", {
                            "className": "jsx-styled-fbc8756",
                            "children": "shiki"
                        }),
                        jsx("span", {
                            "className": "jsx-styled-10105b3",
                            "children": "'"
                        }),
                        jsx("span", {
                            "className": "jsx-styled-c7d2f69",
                            "children": ")"
                        })
                    ]
                }),
                "\n",
                jsx("span", {
                    "className": "line"
                }),
                "\n",
                jsxs("span", {
                    "className": "line",
                    "children": [
                        jsx("span", {
                            "className": "jsx-styled-07fdeba",
                            "children": "shiki"
                        }),
                        jsx("span", {
                            "className": "jsx-styled-10105b3",
                            "children": "."
                        }),
                        jsx("span", {
                            "className": "jsx-styled-de3d865",
                            "children": "getHighlighter"
                        }),
                        jsx("span", {
                            "className": "jsx-styled-c7d2f69",
                            "children": "("
                        }),
                        jsx("span", {
                            "className": "jsx-styled-10105b3",
                            "children": "{"
                        })
                    ]
                }),
                "\n",
                jsxs("span", {
                    "className": "line",
                    "children": [
                        jsx("span", {
                            "className": "jsx-styled-c7d2f69",
                            "children": "  "
                        }),
                        jsx("span", {
                            "className": "jsx-styled-de3d865",
                            "children": "theme"
                        }),
                        jsx("span", {
                            "className": "jsx-styled-10105b3",
                            "children": ":"
                        }),
                        jsx("span", {
                            "className": "jsx-styled-c7d2f69",
                            "children": " "
                        }),
                        jsx("span", {
                            "className": "jsx-styled-10105b3",
                            "children": "'"
                        }),
                        jsx("span", {
                            "className": "jsx-styled-fbc8756",
                            "children": "nord"
                        }),
                        jsx("span", {
                            "className": "jsx-styled-10105b3",
                            "children": "'"
                        })
                    ]
                }),
                "\n",
                jsxs("span", {
                    "className": "line",
                    "children": [
                        jsx("span", {
                            "className": "jsx-styled-10105b3",
                            "children": "}"
                        }),
                        jsx("span", {
                            "className": "jsx-styled-c7d2f69",
                            "children": ")"
                        }),
                        jsx("span", {
                            "className": "jsx-styled-10105b3",
                            "children": "."
                        }),
                        jsx("span", {
                            "className": "jsx-styled-de3d865",
                            "children": "then"
                        }),
                        jsx("span", {
                            "className": "jsx-styled-c7d2f69",
                            "children": "("
                        }),
                        jsx("span", {
                            "className": "jsx-styled-07fdeba",
                            "children": "highlighter"
                        }),
                        jsx("span", {
                            "className": "jsx-styled-c7d2f69",
                            "children": " "
                        }),
                        jsx("span", {
                            "className": "jsx-styled-4add3da",
                            "children": "=>"
                        }),
                        jsx("span", {
                            "className": "jsx-styled-c7d2f69",
                            "children": " "
                        }),
                        jsx("span", {
                            "className": "jsx-styled-10105b3",
                            "children": "{"
                        })
                    ]
                }),
                "\n",
                jsxs("span", {
                    "className": "line",
                    "children": [
                        jsx("span", {
                            "className": "jsx-styled-c7d2f69",
                            "children": "  "
                        }),
                        jsx("span", {
                            "className": "jsx-styled-4add3da",
                            "children": "const"
                        }),
                        jsx("span", {
                            "className": "jsx-styled-c7d2f69",
                            "children": " "
                        }),
                        jsx("span", {
                            "className": "jsx-styled-07fdeba",
                            "children": "md"
                        }),
                        jsx("span", {
                            "className": "jsx-styled-c7d2f69",
                            "children": " "
                        }),
                        jsx("span", {
                            "className": "jsx-styled-4add3da",
                            "children": "="
                        }),
                        jsx("span", {
                            "className": "jsx-styled-c7d2f69",
                            "children": " "
                        }),
                        jsx("span", {
                            "className": "jsx-styled-de3d865",
                            "children": "markdown"
                        }),
                        jsx("span", {
                            "className": "jsx-styled-c7d2f69",
                            "children": "("
                        }),
                        jsx("span", {
                            "className": "jsx-styled-10105b3",
                            "children": "{"
                        })
                    ]
                }),
                "\n",
                jsxs("span", {
                    "className": "line",
                    "children": [
                        jsx("span", {
                            "className": "jsx-styled-c7d2f69",
                            "children": "    "
                        }),
                        jsx("span", {
                            "className": "jsx-styled-de3d865",
                            "children": "html"
                        }),
                        jsx("span", {
                            "className": "jsx-styled-10105b3",
                            "children": ":"
                        }),
                        jsx("span", {
                            "className": "jsx-styled-c7d2f69",
                            "children": " "
                        }),
                        jsx("span", {
                            "className": "jsx-styled-4add3da",
                            "children": "true"
                        }),
                        jsx("span", {
                            "className": "jsx-styled-10105b3",
                            "children": ","
                        })
                    ]
                }),
                "\n",
                jsxs("span", {
                    "className": "line",
                    "children": [
                        jsx("span", {
                            "className": "jsx-styled-c7d2f69",
                            "children": "    "
                        }),
                        jsx("span", {
                            "className": "jsx-styled-de3d865",
                            "children": "highlight"
                        }),
                        jsx("span", {
                            "className": "jsx-styled-10105b3",
                            "children": ":"
                        }),
                        jsx("span", {
                            "className": "jsx-styled-c7d2f69",
                            "children": " "
                        }),
                        jsx("span", {
                            "className": "jsx-styled-10105b3",
                            "children": "("
                        }),
                        jsx("span", {
                            "className": "jsx-styled-07fdeba",
                            "children": "code"
                        }),
                        jsx("span", {
                            "className": "jsx-styled-10105b3",
                            "children": ","
                        }),
                        jsx("span", {
                            "className": "jsx-styled-c7d2f69",
                            "children": " "
                        }),
                        jsx("span", {
                            "className": "jsx-styled-07fdeba",
                            "children": "lang"
                        }),
                        jsx("span", {
                            "className": "jsx-styled-10105b3",
                            "children": ")"
                        }),
                        jsx("span", {
                            "className": "jsx-styled-c7d2f69",
                            "children": " "
                        }),
                        jsx("span", {
                            "className": "jsx-styled-4add3da",
                            "children": "=>"
                        }),
                        jsx("span", {
                            "className": "jsx-styled-c7d2f69",
                            "children": " "
                        }),
                        jsx("span", {
                            "className": "jsx-styled-10105b3",
                            "children": "{"
                        })
                    ]
                }),
                "\n",
                jsxs("span", {
                    "className": "line",
                    "children": [
                        jsx("span", {
                            "className": "jsx-styled-c7d2f69",
                            "children": "      "
                        }),
                        jsx("span", {
                            "className": "jsx-styled-4add3da",
                            "children": "return"
                        }),
                        jsx("span", {
                            "className": "jsx-styled-c7d2f69",
                            "children": " "
                        }),
                        jsx("span", {
                            "className": "jsx-styled-07fdeba",
                            "children": "highlighter"
                        }),
                        jsx("span", {
                            "className": "jsx-styled-10105b3",
                            "children": "."
                        }),
                        jsx("span", {
                            "className": "jsx-styled-de3d865",
                            "children": "codeToHtml"
                        }),
                        jsx("span", {
                            "className": "jsx-styled-c7d2f69",
                            "children": "("
                        }),
                        jsx("span", {
                            "className": "jsx-styled-07fdeba",
                            "children": "code"
                        }),
                        jsx("span", {
                            "className": "jsx-styled-10105b3",
                            "children": ","
                        }),
                        jsx("span", {
                            "className": "jsx-styled-c7d2f69",
                            "children": " "
                        }),
                        jsx("span", {
                            "className": "jsx-styled-10105b3",
                            "children": "{"
                        }),
                        jsx("span", {
                            "className": "jsx-styled-c7d2f69",
                            "children": " "
                        }),
                        jsx("span", {
                            "className": "jsx-styled-07fdeba",
                            "children": "lang"
                        }),
                        jsx("span", {
                            "className": "jsx-styled-c7d2f69",
                            "children": " "
                        }),
                        jsx("span", {
                            "className": "jsx-styled-10105b3",
                            "children": "}"
                        }),
                        jsx("span", {
                            "className": "jsx-styled-c7d2f69",
                            "children": ")"
                        })
                    ]
                }),
                "\n",
                jsxs("span", {
                    "className": "line",
                    "children": [
                        jsx("span", {
                            "className": "jsx-styled-c7d2f69",
                            "children": "    "
                        }),
                        jsx("span", {
                            "className": "jsx-styled-10105b3",
                            "children": "}"
                        })
                    ]
                }),
                "\n",
                jsxs("span", {
                    "className": "line",
                    "children": [
                        jsx("span", {
                            "className": "jsx-styled-c7d2f69",
                            "children": "  "
                        }),
                        jsx("span", {
                            "className": "jsx-styled-10105b3",
                            "children": "}"
                        }),
                        jsx("span", {
                            "className": "jsx-styled-c7d2f69",
                            "children": ")"
                        })
                    ]
                }),
                "\n",
                jsx("span", {
                    "className": "line"
                }),
                "\n",
                jsxs("span", {
                    "className": "line",
                    "children": [
                        jsx("span", {
                            "className": "jsx-styled-c7d2f69",
                            "children": "  "
                        }),
                        jsx("span", {
                            "className": "jsx-styled-4add3da",
                            "children": "const"
                        }),
                        jsx("span", {
                            "className": "jsx-styled-c7d2f69",
                            "children": " "
                        }),
                        jsx("span", {
                            "className": "jsx-styled-07fdeba",
                            "children": "html"
                        }),
                        jsx("span", {
                            "className": "jsx-styled-c7d2f69",
                            "children": " "
                        }),
                        jsx("span", {
                            "className": "jsx-styled-4add3da",
                            "children": "="
                        }),
                        jsx("span", {
                            "className": "jsx-styled-c7d2f69",
                            "children": " "
                        }),
                        jsx("span", {
                            "className": "jsx-styled-07fdeba",
                            "children": "md"
                        }),
                        jsx("span", {
                            "className": "jsx-styled-10105b3",
                            "children": "."
                        }),
                        jsx("span", {
                            "className": "jsx-styled-de3d865",
                            "children": "render"
                        }),
                        jsx("span", {
                            "className": "jsx-styled-c7d2f69",
                            "children": "("
                        }),
                        jsx("span", {
                            "className": "jsx-styled-07fdeba",
                            "children": "fs"
                        }),
                        jsx("span", {
                            "className": "jsx-styled-10105b3",
                            "children": "."
                        }),
                        jsx("span", {
                            "className": "jsx-styled-de3d865",
                            "children": "readFileSync"
                        }),
                        jsx("span", {
                            "className": "jsx-styled-c7d2f69",
                            "children": "("
                        }),
                        jsx("span", {
                            "className": "jsx-styled-10105b3",
                            "children": "'"
                        }),
                        jsx("span", {
                            "className": "jsx-styled-fbc8756",
                            "children": "index.md"
                        }),
                        jsx("span", {
                            "className": "jsx-styled-10105b3",
                            "children": "'"
                        }),
                        jsx("span", {
                            "className": "jsx-styled-10105b3",
                            "children": ","
                        }),
                        jsx("span", {
                            "className": "jsx-styled-c7d2f69",
                            "children": " "
                        }),
                        jsx("span", {
                            "className": "jsx-styled-10105b3",
                            "children": "'"
                        }),
                        jsx("span", {
                            "className": "jsx-styled-fbc8756",
                            "children": "utf-8"
                        }),
                        jsx("span", {
                            "className": "jsx-styled-10105b3",
                            "children": "'"
                        }),
                        jsx("span", {
                            "className": "jsx-styled-c7d2f69",
                            "children": "))"
                        })
                    ]
                }),
                "\n",
                jsxs("span", {
                    "className": "line",
                    "children": [
                        jsx("span", {
                            "className": "jsx-styled-c7d2f69",
                            "children": "  "
                        }),
                        jsx("span", {
                            "className": "jsx-styled-4add3da",
                            "children": "const"
                        }),
                        jsx("span", {
                            "className": "jsx-styled-c7d2f69",
                            "children": " "
                        }),
                        jsx("span", {
                            "className": "jsx-styled-07fdeba",
                            "children": "out"
                        }),
                        jsx("span", {
                            "className": "jsx-styled-c7d2f69",
                            "children": " "
                        }),
                        jsx("span", {
                            "className": "jsx-styled-4add3da",
                            "children": "="
                        }),
                        jsx("span", {
                            "className": "jsx-styled-c7d2f69",
                            "children": " "
                        }),
                        jsx("span", {
                            "className": "jsx-styled-10105b3",
                            "children": "`"
                        })
                    ]
                }),
                "\n",
                jsx("span", {
                    "className": "line",
                    "children": jsx("span", {
                        "className": "jsx-styled-fbc8756",
                        "children": "    <title>Shiki</title>"
                    })
                }),
                "\n",
                jsx("span", {
                    "className": "line",
                    "children": jsx("span", {
                        "className": "jsx-styled-fbc8756",
                        "children": '    <link rel="stylesheet" href="style.css">'
                    })
                }),
                "\n",
                jsxs("span", {
                    "className": "line",
                    "children": [
                        jsx("span", {
                            "className": "jsx-styled-fbc8756",
                            "children": "    "
                        }),
                        jsx("span", {
                            "className": "jsx-styled-4add3da",
                            "children": "${"
                        }),
                        jsx("span", {
                            "className": "jsx-styled-07fdeba",
                            "children": "html"
                        }),
                        jsx("span", {
                            "className": "jsx-styled-4add3da",
                            "children": "}"
                        })
                    ]
                }),
                "\n",
                jsx("span", {
                    "className": "line",
                    "children": jsx("span", {
                        "className": "jsx-styled-fbc8756",
                        "children": '    <script src="index.js"></script>'
                    })
                }),
                "\n",
                jsxs("span", {
                    "className": "line",
                    "children": [
                        jsx("span", {
                            "className": "jsx-styled-fbc8756",
                            "children": "  "
                        }),
                        jsx("span", {
                            "className": "jsx-styled-10105b3",
                            "children": "`"
                        })
                    ]
                }),
                "\n",
                jsxs("span", {
                    "className": "line",
                    "children": [
                        jsx("span", {
                            "className": "jsx-styled-c7d2f69",
                            "children": "  "
                        }),
                        jsx("span", {
                            "className": "jsx-styled-07fdeba",
                            "children": "fs"
                        }),
                        jsx("span", {
                            "className": "jsx-styled-10105b3",
                            "children": "."
                        }),
                        jsx("span", {
                            "className": "jsx-styled-de3d865",
                            "children": "writeFileSync"
                        }),
                        jsx("span", {
                            "className": "jsx-styled-c7d2f69",
                            "children": "("
                        }),
                        jsx("span", {
                            "className": "jsx-styled-10105b3",
                            "children": "'"
                        }),
                        jsx("span", {
                            "className": "jsx-styled-fbc8756",
                            "children": "index.html"
                        }),
                        jsx("span", {
                            "className": "jsx-styled-10105b3",
                            "children": "'"
                        }),
                        jsx("span", {
                            "className": "jsx-styled-10105b3",
                            "children": ","
                        }),
                        jsx("span", {
                            "className": "jsx-styled-c7d2f69",
                            "children": " "
                        }),
                        jsx("span", {
                            "className": "jsx-styled-07fdeba",
                            "children": "out"
                        }),
                        jsx("span", {
                            "className": "jsx-styled-c7d2f69",
                            "children": ")"
                        })
                    ]
                }),
                "\n",
                jsx("span", {
                    "className": "line"
                }),
                "\n",
                jsxs("span", {
                    "className": "line",
                    "children": [
                        jsx("span", {
                            "className": "jsx-styled-c7d2f69",
                            "children": "  "
                        }),
                        jsx("span", {
                            "className": "jsx-styled-07fdeba",
                            "children": "console"
                        }),
                        jsx("span", {
                            "className": "jsx-styled-10105b3",
                            "children": "."
                        }),
                        jsx("span", {
                            "className": "jsx-styled-de3d865",
                            "children": "log"
                        }),
                        jsx("span", {
                            "className": "jsx-styled-c7d2f69",
                            "children": "("
                        }),
                        jsx("span", {
                            "className": "jsx-styled-10105b3",
                            "children": "'"
                        }),
                        jsx("span", {
                            "className": "jsx-styled-fbc8756",
                            "children": "done"
                        }),
                        jsx("span", {
                            "className": "jsx-styled-10105b3",
                            "children": "'"
                        }),
                        jsx("span", {
                            "className": "jsx-styled-c7d2f69",
                            "children": ")"
                        })
                    ]
                }),
                "\n",
                jsxs("span", {
                    "className": "line",
                    "children": [
                        jsx("span", {
                            "className": "jsx-styled-10105b3",
                            "children": "}"
                        }),
                        jsx("span", {
                            "className": "jsx-styled-c7d2f69",
                            "children": ")"
                        })
                    ]
                }),
                "\n",
                jsx("span", {
                    "className": "line"
                })
            ]
        })
    }),
    "\n"
];
``````
