---
source: crates/swc-ecma-testing2/src/lib.rs
expression: result
---
``````js
jsx("pre", {
    title: i18n({
        "id": "hzhBuSgn8YXn_ZmRaxz_WnANKVHVrlV1vLH2tFHOW5g=",
        "message": "impl<'a, {LF_}> Borrow<{LF_}> for Cow<'a, {LF_}>\nwhere\n    {LF_}: ToOwned + ?Sized\n{ ... }",
        "values": {
            "LF_": LF
        }
    }),
    "children": jsx(Trans, {
        "id": "wWw7baY3zqE3BGOzTklOi7e0_1s35-uLQ2hwGJ12hek=",
        "message": "impl{LT}'a, {LF_}{GT} Borrow{LT}{LF_}{GT} for Cow{LT}'a, {LF_}{GT}{LF}where{LF}    {LF_}: ToOwned + ?Sized{LF}{LC} ... {RC}",
        "components": {},
        "values": {
            "LF_": LF,
            "LF": jsx("br", {}),
            "LT": jsx(Fragment, {
                "children": "<"
            }),
            "GT": jsx(Fragment, {
                "children": ">"
            }),
            "LC": jsx(Fragment, {
                "children": "{"
            }),
            "RC": jsx(Fragment, {
                "children": "}"
            })
        }
    })
});
``````
